Q=    0.0140D=    0.1016L=     45.72F=   0.01659HEADLOSS=    1.1346
