Q=    0.0141D=    0.1016L=     45.72F=   0.01657HEADLOSS=    1.1493
