Q=    0.5000D=    0.3333L=    150.00F=   0.01655HEADLOSS=    3.7976
