Q=    0.4970D=    0.3333L=    150.00F=   0.01657HEADLOSS=    3.7565
