Q=    0.5000D=    0.3333L=    150.00F=   0.01655HEADLOSS=    3.7976
Q=    0.4970D=    0.3333L=    150.00F=   0.01657HEADLOSS=    3.7565
Q=    0.0140D=    0.1016L=     45.72F=   0.01659HEADLOSS=    1.1346
Q=    0.0141D=    0.1016L=     45.72F=   0.01657HEADLOSS=    1.1493
