Pipe    Diameter         Length           Rel. Roughness
  0     8.0000E+00 in    1.1060E+03 ft    1.2750E-03
  1     1.2000E+01 in    8.0100E+02 ft    8.5000E-04
  2     1.0000E+01 in    1.0000E+03 ft    1.0200E-03
  3     1.2000E+01 in    5.0000E+02 ft    8.5000E-04
  4     1.0000E+01 in    1.2000E+03 ft    1.0200E-03
  5     6.0000E+00 in    6.0000E+02 ft    1.7000E-03
  6     8.0000E+00 in    8.0000E+02 ft    1.2750E-03


Iteration 0
Deviation 1.0000E+02 (Tolerance 1.0000E-03)

Pipe   Kp            expp          Qcurrent                  Qpredict
  0    2.0596E+00    2.1104E+00    3.9368E-01 ft ** 3 / s    3.9368E-01 ft ** 3 / s
  1    7.0480E-02    2.2311E+00    1.0591E-01 ft ** 3 / s    1.0591E-01 ft ** 3 / s
  2    2.4361E+00    2.0528E+00    1.8343E+00 ft ** 3 / s    1.8343E+00 ft ** 3 / s
  3    1.0143E+00    2.0372E+00    4.0623E+00 ft ** 3 / s    4.0623E+00 ft ** 3 / s
  4    9.0197E-01    2.1218E+00    4.9959E-01 ft ** 3 / s    4.9959E-01 ft ** 3 / s
  5    3.1435E+01    2.0150E+00    2.8424E+00 ft ** 3 / s    2.8424E+00 ft ** 3 / s
  6    5.4348E+00    2.0412E+00    1.6136E+00 ft ** 3 / s    1.6136E+00 ft ** 3 / s

Iteration 1
Deviation 3.2065E-01 (Tolerance 1.0000E-03)

Pipe   Kp            expp          Qcurrent                  Qpredict
  0    5.2541E+00    2.0556E+00    1.8156E+00 ft ** 3 / s    1.1047E+00 ft ** 3 / s
  1    2.2527E-01    2.1487E+00    8.0393E-01 ft ** 3 / s    4.5492E-01 ft ** 3 / s
  2    1.5464E+00    2.0753E+00    4.1239E-01 ft ** 3 / s    1.1234E+00 ft ** 3 / s
  3    8.4440E-01    2.0436E+00    2.6404E+00 ft ** 3 / s    3.3514E+00 ft ** 3 / s
  4    2.5118E+00    2.0596E+00    2.6195E+00 ft ** 3 / s    1.5596E+00 ft ** 3 / s
  5    1.9919E+01    2.0231E+00    7.2246E-01 ft ** 3 / s    1.7824E+00 ft ** 3 / s
  6    8.8273E+00    2.0268E+00    3.7336E+00 ft ** 3 / s    2.6736E+00 ft ** 3 / s

Iteration 2
Deviation 4.3775E-02 (Tolerance 1.0000E-03)

Pipe   Kp            expp          Qcurrent                  Qpredict
  0    4.9492E+00    2.0584E+00    9.6764E-01 ft ** 3 / s    1.0361E+00 ft ** 3 / s
  1    3.0431E-01    2.1269E+00    8.4139E-01 ft ** 3 / s    6.4816E-01 ft ** 3 / s
  2    1.6325E+00    2.0723E+00    1.2604E+00 ft ** 3 / s    1.1919E+00 ft ** 3 / s
  3    8.6078E-01    2.0429E+00    3.4884E+00 ft ** 3 / s    3.4199E+00 ft ** 3 / s
  4    2.6988E+00    2.0563E+00    1.8090E+00 ft ** 3 / s    1.6843E+00 ft ** 3 / s
  5    1.8563E+01    2.0246E+00    1.5330E+00 ft ** 3 / s    1.6577E+00 ft ** 3 / s
  6    9.2260E+00    2.0257E+00    2.9230E+00 ft ** 3 / s    2.7983E+00 ft ** 3 / s

Iteration 3
Deviation 1.3510E-03 (Tolerance 1.0000E-03)

Pipe   Kp            expp          Qcurrent                  Qpredict
  0    4.9379E+00    2.0585E+00    1.0311E+00 ft ** 3 / s    1.0336E+00 ft ** 3 / s
  1    3.0672E-01    2.1264E+00    6.6008E-01 ft ** 3 / s    6.5412E-01 ft ** 3 / s
  2    1.6357E+00    2.0722E+00    1.1969E+00 ft ** 3 / s    1.1944E+00 ft ** 3 / s
  3    8.6139E-01    2.0428E+00    3.4249E+00 ft ** 3 / s    3.4224E+00 ft ** 3 / s
  4    2.7039E+00    2.0562E+00    1.6912E+00 ft ** 3 / s    1.6877E+00 ft ** 3 / s
  5    1.8526E+01    2.0247E+00    1.6508E+00 ft ** 3 / s    1.6543E+00 ft ** 3 / s
  6    9.2370E+00    2.0257E+00    2.8052E+00 ft ** 3 / s    2.8017E+00 ft ** 3 / s

Iteration 4
Deviation 3.5751E-05 (Tolerance 1.0000E-03)

Pipe   Kp            expp          Qcurrent                  Qpredict
  0    4.9374E+00    2.0585E+00    1.0334E+00 ft ** 3 / s    1.0335E+00 ft ** 3 / s
  1    3.0678E-01    2.1264E+00    6.5444E-01 ft ** 3 / s    6.5428E-01 ft ** 3 / s
  2    1.6358E+00    2.0722E+00    1.1946E+00 ft ** 3 / s    1.1945E+00 ft ** 3 / s
  3    8.6141E-01    2.0428E+00    3.4226E+00 ft ** 3 / s    3.4225E+00 ft ** 3 / s
  4    2.7040E+00    2.0562E+00    1.6879E+00 ft ** 3 / s    1.6878E+00 ft ** 3 / s
  5    1.8526E+01    2.0247E+00    1.6542E+00 ft ** 3 / s    1.6542E+00 ft ** 3 / s
  6    9.2372E+00    2.0257E+00    2.8019E+00 ft ** 3 / s    2.8018E+00 ft ** 3 / s


Final results:

Pipe  Flow                     Flow                      Flow                    Head Loss       Head Loss
  0   2.9263E-02 m ** 3 / s    1.0334E+00 ft ** 3 / s    4.6383E+02 gal / min    1.5552E+00 m    5.1025E+00 ft
  1   1.8532E-02 m ** 3 / s    6.5444E-01 ft ** 3 / s    2.9373E+02 gal / min    6.1194E-02 m    2.0077E-01 ft
  2   3.3827E-02 m ** 3 / s    1.1946E+00 ft ** 3 / s    5.3617E+02 gal / min    5.9562E-01 m    1.9541E+00 ft
  3   9.6917E-02 m ** 3 / s    3.4226E+00 ft ** 3 / s    1.5362E+03 gal / min    8.9863E-01 m    2.9483E+00 ft
  4   4.7795E-02 m ** 3 / s    1.6879E+00 ft ** 3 / s    7.5756E+02 gal / min    1.3911E+00 m    4.5640E+00 ft
  5   4.6841E-02 m ** 3 / s    1.6542E+00 ft ** 3 / s    7.4244E+02 gal / min    9.3403E+00 m    3.0644E+01 ft
  6   7.9340E-02 m ** 3 / s    2.8019E+00 ft ** 3 / s    1.2576E+03 gal / min    7.8886E+00 m    2.5881E+01 ft

