     0.12000     0.33333     0.10170     0.02293     1.89830    2.105782E+01
     0.10000     0.25000     0.07934     0.02481     1.92066    6.401589E+01
     0.05000     0.25000     0.12335     0.02207     1.87665    8.539451E+01
     0.05000     0.25000     0.12335     0.02207     1.87665    5.692967E+01
     0.10000     0.33333     0.11346     0.02234     1.88654    1.367725E+01
     0.05000     0.25000     0.12335     0.02207     1.87665    8.027084E+01
